2025-09-23T08:34:37.8475306Z ##[group]Run dtolnay/rust-toolchain@nightly
2025-09-23T08:34:37.8475741Z with:
2025-09-23T08:34:37.8476003Z   toolchain: nightly
2025-09-23T08:34:37.8476280Z env:
2025-09-23T08:34:37.8476823Z   CARGO_TERM_COLOR: always
2025-09-23T08:34:37.8477125Z ##[endgroup]
2025-09-23T08:34:37.8590006Z ##[group]Run : parse toolchain version
2025-09-23T08:34:37.8590507Z [36;1m: parse toolchain version[0m
2025-09-23T08:34:37.8590880Z [36;1mif [[ -z $toolchain ]]; then[0m
2025-09-23T08:34:37.8591494Z [36;1m  # GitHub does not enforce `required: true` inputs itself. https://github.com/actions/runner/issues/1070[0m
2025-09-23T08:34:37.8592123Z [36;1m  echo "'toolchain' is a required input" >&2[0m
2025-09-23T08:34:37.8592502Z [36;1m  exit 1[0m
2025-09-23T08:34:37.8592899Z [36;1melif [[ $toolchain =~ ^stable' '[0-9]+' '(year|month|week|day)s?' 'ago$ ]]; then[0m
2025-09-23T08:34:37.8593612Z [36;1m  if [[ Linux == macOS ]]; then[0m
2025-09-23T08:34:37.8594198Z [36;1m    echo "toolchain=1.$((($(date -v-$(sed 's/stable \([0-9]*\) \(.\).*/\1\2/' <<< $toolchain) +%s)/60/60/24-16569)/7/6))" >> $GITHUB_OUTPUT[0m
2025-09-23T08:34:37.8594791Z [36;1m  else[0m
2025-09-23T08:34:37.8595258Z [36;1m    echo "toolchain=1.$((($(date --date "${toolchain#stable }" +%s)/60/60/24-16569)/7/6))" >> $GITHUB_OUTPUT[0m
2025-09-23T08:34:37.8595776Z [36;1m  fi[0m
2025-09-23T08:34:37.8596141Z [36;1melif [[ $toolchain =~ ^stable' 'minus' '[0-9]+' 'releases?$ ]]; then[0m
2025-09-23T08:34:37.8596958Z [36;1m  echo "toolchain=1.$((($(date +%s)/60/60/24-16569)/7/6-${toolchain//[^0-9]/}))" >> $GITHUB_OUTPUT[0m
2025-09-23T08:34:37.8597494Z [36;1melif [[ $toolchain =~ ^1\.[0-9]+$ ]]; then[0m
2025-09-23T08:34:37.8598087Z [36;1m  echo "toolchain=1.$((i=${toolchain#1.}, c=($(date +%s)/60/60/24-16569)/7/6, i+9*i*(10*i<=c)+90*i*(100*i<=c)))" >> $GITHUB_OUTPUT[0m
2025-09-23T08:34:37.8598639Z [36;1melse[0m
2025-09-23T08:34:37.8598951Z [36;1m  echo "toolchain=$toolchain" >> $GITHUB_OUTPUT[0m
2025-09-23T08:34:37.8599316Z [36;1mfi[0m
2025-09-23T08:34:37.8657116Z shell: /usr/bin/bash --noprofile --norc -e -o pipefail {0}
2025-09-23T08:34:37.8657588Z env:
2025-09-23T08:34:37.8657856Z   CARGO_TERM_COLOR: always
2025-09-23T08:34:37.8658159Z   toolchain: nightly
2025-09-23T08:34:37.8658448Z ##[endgroup]
2025-09-23T08:34:37.8795453Z ##[group]Run : construct rustup command line
2025-09-23T08:34:37.8795873Z [36;1m: construct rustup command line[0m
2025-09-23T08:34:37.8796607Z [36;1mecho "targets=$(for t in ${targets//,/ }; do echo -n ' --target' $t; done)" >> $GITHUB_OUTPUT[0m
2025-09-23T08:34:37.8797298Z [36;1mecho "components=$(for c in ${components//,/ }; do echo -n ' --component' $c; done)" >> $GITHUB_OUTPUT[0m
2025-09-23T08:34:37.8797845Z [36;1mecho "downgrade=" >> $GITHUB_OUTPUT[0m
2025-09-23T08:34:37.8826969Z shell: /usr/bin/bash --noprofile --norc -e -o pipefail {0}
2025-09-23T08:34:37.8827397Z env:
2025-09-23T08:34:37.8827755Z   CARGO_TERM_COLOR: always
2025-09-23T08:34:37.8828035Z   targets: 
2025-09-23T08:34:37.8828269Z   components: 
2025-09-23T08:34:37.8828516Z ##[endgroup]
2025-09-23T08:34:37.8911146Z ##[group]Run : set $CARGO_HOME
2025-09-23T08:34:37.8911503Z [36;1m: set $CARGO_HOME[0m
2025-09-23T08:34:37.8911926Z [36;1mecho CARGO_HOME=${CARGO_HOME:-"$HOME/.cargo"} >> $GITHUB_ENV[0m
2025-09-23T08:34:37.8940857Z shell: /usr/bin/bash --noprofile --norc -e -o pipefail {0}
2025-09-23T08:34:37.8941303Z env:
2025-09-23T08:34:37.8941575Z   CARGO_TERM_COLOR: always
2025-09-23T08:34:37.8941884Z ##[endgroup]
2025-09-23T08:34:37.9029625Z ##[group]Run : install rustup if needed
2025-09-23T08:34:37.9030035Z [36;1m: install rustup if needed[0m
2025-09-23T08:34:37.9030417Z [36;1mif ! command -v rustup &>/dev/null; then[0m
2025-09-23T08:34:37.9031316Z [36;1m  curl --proto '=https' --tlsv1.2 --retry 10 --retry-connrefused --location --silent --show-error --fail https://sh.rustup.rs | sh -s -- --default-toolchain none -y[0m
2025-09-23T08:34:37.9032150Z [36;1m  echo "$CARGO_HOME/bin" >> $GITHUB_PATH[0m
2025-09-23T08:34:37.9032508Z [36;1mfi[0m
2025-09-23T08:34:37.9062116Z shell: /usr/bin/bash --noprofile --norc -e -o pipefail {0}
2025-09-23T08:34:37.9062560Z env:
2025-09-23T08:34:37.9062832Z   CARGO_TERM_COLOR: always
2025-09-23T08:34:37.9063167Z   CARGO_HOME: /home/runner/.cargo
2025-09-23T08:34:37.9063497Z ##[endgroup]
2025-09-23T08:34:37.9212244Z ##[group]Run rustup toolchain install nightly --profile minimal --no-self-update
2025-09-23T08:34:37.9212945Z [36;1mrustup toolchain install nightly --profile minimal --no-self-update[0m
2025-09-23T08:34:37.9243848Z shell: /usr/bin/bash --noprofile --norc -e -o pipefail {0}
2025-09-23T08:34:37.9244313Z env:
2025-09-23T08:34:37.9244608Z   CARGO_TERM_COLOR: always
2025-09-23T08:34:37.9244953Z   CARGO_HOME: /home/runner/.cargo
2025-09-23T08:34:37.9245299Z ##[endgroup]
2025-09-23T08:34:38.3946592Z info: syncing channel updates for 'nightly-x86_64-unknown-linux-gnu'
2025-09-23T08:34:38.6552618Z info: latest update on 2025-09-23, rust version 1.92.0-nightly (f6092f224 2025-09-22)
2025-09-23T08:34:38.6553405Z info: downloading component 'cargo'
2025-09-23T08:34:38.7880104Z info: downloading component 'rust-std'
2025-09-23T08:34:39.0455079Z info: downloading component 'rustc'
2025-09-23T08:34:39.6338858Z info: installing component 'cargo'
2025-09-23T08:34:40.3353009Z info: installing component 'rust-std'
2025-09-23T08:34:42.3605717Z info: installing component 'rustc'
2025-09-23T08:34:47.2009272Z 
2025-09-23T08:34:47.2100974Z   nightly-x86_64-unknown-linux-gnu installed - rustc 1.92.0-nightly (f6092f224 2025-09-22)
2025-09-23T08:34:47.2101715Z 
2025-09-23T08:34:47.2152766Z ##[group]Run rustup default nightly
2025-09-23T08:34:47.2153070Z [36;1mrustup default nightly[0m
2025-09-23T08:34:47.2182939Z shell: /usr/bin/bash --noprofile --norc -e -o pipefail {0}
2025-09-23T08:34:47.2183293Z env:
2025-09-23T08:34:47.2183468Z   CARGO_TERM_COLOR: always
2025-09-23T08:34:47.2183712Z   CARGO_HOME: /home/runner/.cargo
2025-09-23T08:34:47.2183946Z ##[endgroup]
2025-09-23T08:34:47.2298240Z info: using existing install for 'nightly-x86_64-unknown-linux-gnu'
2025-09-23T08:34:47.2664208Z info: default toolchain set to 'nightly-x86_64-unknown-linux-gnu'
2025-09-23T08:34:47.2664787Z 
2025-09-23T08:34:47.2752304Z   nightly-x86_64-unknown-linux-gnu unchanged - rustc 1.92.0-nightly (f6092f224 2025-09-22)
2025-09-23T08:34:47.2752782Z 
2025-09-23T08:34:47.2797323Z ##[group]Run : create cachekey
2025-09-23T08:34:47.2797629Z [36;1m: create cachekey[0m
2025-09-23T08:34:47.2798106Z [36;1mDATE=$(rustc +nightly --version --verbose | sed -ne 's/^commit-date: \(20[0-9][0-9]\)-\([01][0-9]\)-\([0-3][0-9]\)$/\1\2\3/p')[0m
2025-09-23T08:34:47.2798730Z [36;1mHASH=$(rustc +nightly --version --verbose | sed -ne 's/^commit-hash: //p')[0m
2025-09-23T08:34:47.2799212Z [36;1mecho "cachekey=$(echo $DATE$HASH | head -c12)" >> $GITHUB_OUTPUT[0m
2025-09-23T08:34:47.2828593Z shell: /usr/bin/bash --noprofile --norc -e -o pipefail {0}
2025-09-23T08:34:47.2828961Z env:
2025-09-23T08:34:47.2829153Z   CARGO_TERM_COLOR: always
2025-09-23T08:34:47.2829385Z   CARGO_HOME: /home/runner/.cargo
2025-09-23T08:34:47.2829629Z ##[endgroup]
2025-09-23T08:34:47.3218046Z ##[group]Run : disable incremental compilation
2025-09-23T08:34:47.3218430Z [36;1m: disable incremental compilation[0m
2025-09-23T08:34:47.3218731Z [36;1mif [ -z "${CARGO_INCREMENTAL+set}" ]; then[0m
2025-09-23T08:34:47.3219041Z [36;1m  echo CARGO_INCREMENTAL=0 >> $GITHUB_ENV[0m
2025-09-23T08:34:47.3219288Z [36;1mfi[0m
2025-09-23T08:34:47.3248151Z shell: /usr/bin/bash --noprofile --norc -e -o pipefail {0}
2025-09-23T08:34:47.3248485Z env:
2025-09-23T08:34:47.3248659Z   CARGO_TERM_COLOR: always
2025-09-23T08:34:47.3248881Z   CARGO_HOME: /home/runner/.cargo
2025-09-23T08:34:47.3249098Z ##[endgroup]
2025-09-23T08:34:47.3313009Z ##[group]Run : enable colors in Cargo output
2025-09-23T08:34:47.3313339Z [36;1m: enable colors in Cargo output[0m
2025-09-23T08:34:47.3313660Z [36;1mif [ -z "${CARGO_TERM_COLOR+set}" ]; then[0m
2025-09-23T08:34:47.3313982Z [36;1m  echo CARGO_TERM_COLOR=always >> $GITHUB_ENV[0m
2025-09-23T08:34:47.3314451Z [36;1mfi[0m
2025-09-23T08:34:47.3340555Z shell: /usr/bin/bash --noprofile --norc -e -o pipefail {0}
2025-09-23T08:34:47.3340908Z env:
2025-09-23T08:34:47.3341097Z   CARGO_TERM_COLOR: always
2025-09-23T08:34:47.3341334Z   CARGO_HOME: /home/runner/.cargo
2025-09-23T08:34:47.3341573Z   CARGO_INCREMENTAL: 0
2025-09-23T08:34:47.3341805Z ##[endgroup]
2025-09-23T08:34:47.3405859Z ##[group]Run : enable Cargo sparse registry
2025-09-23T08:34:47.3406178Z [36;1m: enable Cargo sparse registry[0m
2025-09-23T08:34:47.3406811Z [36;1m# implemented in 1.66, stabilized in 1.68, made default in 1.70[0m
2025-09-23T08:34:47.3407464Z [36;1mif [ -z "${CARGO_REGISTRIES_CRATES_IO_PROTOCOL+set}" -o -f "/home/runner/work/_temp"/.implicit_cargo_registries_crates_io_protocol ]; then[0m
2025-09-23T08:34:47.3408112Z [36;1m  if rustc +nightly --version --verbose | grep -q '^release: 1\.6[89]\.'; then[0m
2025-09-23T08:34:47.3408800Z [36;1m    touch "/home/runner/work/_temp"/.implicit_cargo_registries_crates_io_protocol || true[0m
2025-09-23T08:34:47.3409281Z [36;1m    echo CARGO_REGISTRIES_CRATES_IO_PROTOCOL=sparse >> $GITHUB_ENV[0m
2025-09-23T08:34:47.3409738Z [36;1m  elif rustc +nightly --version --verbose | grep -q '^release: 1\.6[67]\.'; then[0m
2025-09-23T08:34:47.3410269Z [36;1m    touch "/home/runner/work/_temp"/.implicit_cargo_registries_crates_io_protocol || true[0m
2025-09-23T08:34:47.3410731Z [36;1m    echo CARGO_REGISTRIES_CRATES_IO_PROTOCOL=git >> $GITHUB_ENV[0m
2025-09-23T08:34:47.3411043Z [36;1m  fi[0m
2025-09-23T08:34:47.3411208Z [36;1mfi[0m
2025-09-23T08:34:47.3437883Z shell: /usr/bin/bash --noprofile --norc -e -o pipefail {0}
2025-09-23T08:34:47.3438205Z env:
2025-09-23T08:34:47.3438374Z   CARGO_TERM_COLOR: always
2025-09-23T08:34:47.3438593Z   CARGO_HOME: /home/runner/.cargo
2025-09-23T08:34:47.3438814Z   CARGO_INCREMENTAL: 0
2025-09-23T08:34:47.3439012Z ##[endgroup]
2025-09-23T08:34:47.3794391Z ##[group]Run : work around spurious network errors in curl 8.0
2025-09-23T08:34:47.3794847Z [36;1m: work around spurious network errors in curl 8.0[0m
2025-09-23T08:34:47.3795354Z [36;1m# https://rust-lang.zulipchat.com/#narrow/stream/246057-t-cargo/topic/timeout.20investigation[0m
2025-09-23T08:34:47.3795937Z [36;1mif rustc +nightly --version --verbose | grep -q '^release: 1\.7[01]\.'; then[0m
2025-09-23T08:34:47.3796569Z [36;1m  echo CARGO_HTTP_MULTIPLEXING=false >> $GITHUB_ENV[0m
2025-09-23T08:34:47.3796866Z [36;1mfi[0m
2025-09-23T08:34:47.3825768Z shell: /usr/bin/bash --noprofile --norc -e -o pipefail {0}
2025-09-23T08:34:47.3826086Z env:
2025-09-23T08:34:47.3826270Z   CARGO_TERM_COLOR: always
2025-09-23T08:34:47.3826723Z   CARGO_HOME: /home/runner/.cargo
2025-09-23T08:34:47.3826954Z   CARGO_INCREMENTAL: 0
2025-09-23T08:34:47.3827147Z ##[endgroup]
2025-09-23T08:34:47.4037669Z ##[group]Run rustc +nightly --version --verbose
2025-09-23T08:34:47.4038040Z [36;1mrustc +nightly --version --verbose[0m
2025-09-23T08:34:47.4065984Z shell: /usr/bin/bash --noprofile --norc -e -o pipefail {0}
2025-09-23T08:34:47.4066490Z env:
2025-09-23T08:34:47.4066761Z   CARGO_TERM_COLOR: always
2025-09-23T08:34:47.4066983Z   CARGO_HOME: /home/runner/.cargo
2025-09-23T08:34:47.4067210Z   CARGO_INCREMENTAL: 0
2025-09-23T08:34:47.4067395Z ##[endgroup]
2025-09-23T08:34:47.4236651Z rustc 1.92.0-nightly (f6092f224 2025-09-22)
2025-09-23T08:34:47.4237236Z binary: rustc
2025-09-23T08:34:47.4237673Z commit-hash: f6092f224d2b1774b31033f12d0bee626943b02f
2025-09-23T08:34:47.4238188Z commit-date: 2025-09-22
2025-09-23T08:34:47.4238769Z host: x86_64-unknown-linux-gnu
2025-09-23T08:34:47.4239182Z release: 1.92.0-nightly
2025-09-23T08:34:47.4239488Z LLVM version: 21.1.1
