2025-09-23T08:34:36.0801109Z ##[group]Run dtolnay/rust-toolchain@nightly
2025-09-23T08:34:36.0801741Z with:
2025-09-23T08:34:36.0802124Z   components: rustfmt, clippy
2025-09-23T08:34:36.0802603Z   toolchain: nightly
2025-09-23T08:34:36.0802999Z env:
2025-09-23T08:34:36.0803367Z   CARGO_TERM_COLOR: always
2025-09-23T08:34:36.0803976Z ##[endgroup]
2025-09-23T08:34:36.0917997Z ##[group]Run : parse toolchain version
2025-09-23T08:34:36.0918661Z [36;1m: parse toolchain version[0m
2025-09-23T08:34:36.0919199Z [36;1mif [[ -z $toolchain ]]; then[0m
2025-09-23T08:34:36.0920114Z [36;1m  # GitHub does not enforce `required: true` inputs itself. https://github.com/actions/runner/issues/1070[0m
2025-09-23T08:34:36.0921066Z [36;1m  echo "'toolchain' is a required input" >&2[0m
2025-09-23T08:34:36.0921628Z [36;1m  exit 1[0m
2025-09-23T08:34:36.0922271Z [36;1melif [[ $toolchain =~ ^stable' '[0-9]+' '(year|month|week|day)s?' 'ago$ ]]; then[0m
2025-09-23T08:34:36.0923238Z [36;1m  if [[ Linux == macOS ]]; then[0m
2025-09-23T08:34:36.0924314Z [36;1m    echo "toolchain=1.$((($(date -v-$(sed 's/stable \([0-9]*\) \(.\).*/\1\2/' <<< $toolchain) +%s)/60/60/24-16569)/7/6))" >> $GITHUB_OUTPUT[0m
2025-09-23T08:34:36.0925176Z [36;1m  else[0m
2025-09-23T08:34:36.0925889Z [36;1m    echo "toolchain=1.$((($(date --date "${toolchain#stable }" +%s)/60/60/24-16569)/7/6))" >> $GITHUB_OUTPUT[0m
2025-09-23T08:34:36.0926706Z [36;1m  fi[0m
2025-09-23T08:34:36.0927270Z [36;1melif [[ $toolchain =~ ^stable' 'minus' '[0-9]+' 'releases?$ ]]; then[0m
2025-09-23T08:34:36.0928210Z [36;1m  echo "toolchain=1.$((($(date +%s)/60/60/24-16569)/7/6-${toolchain//[^0-9]/}))" >> $GITHUB_OUTPUT[0m
2025-09-23T08:34:36.0929038Z [36;1melif [[ $toolchain =~ ^1\.[0-9]+$ ]]; then[0m
2025-09-23T08:34:36.0929943Z [36;1m  echo "toolchain=1.$((i=${toolchain#1.}, c=($(date +%s)/60/60/24-16569)/7/6, i+9*i*(10*i<=c)+90*i*(100*i<=c)))" >> $GITHUB_OUTPUT[0m
2025-09-23T08:34:36.0930796Z [36;1melse[0m
2025-09-23T08:34:36.0931256Z [36;1m  echo "toolchain=$toolchain" >> $GITHUB_OUTPUT[0m
2025-09-23T08:34:36.0931814Z [36;1mfi[0m
2025-09-23T08:34:36.0980570Z shell: /usr/bin/bash --noprofile --norc -e -o pipefail {0}
2025-09-23T08:34:36.0981251Z env:
2025-09-23T08:34:36.0981626Z   CARGO_TERM_COLOR: always
2025-09-23T08:34:36.0982080Z   toolchain: nightly
2025-09-23T08:34:36.0982485Z ##[endgroup]
2025-09-23T08:34:36.1128376Z ##[group]Run : construct rustup command line
2025-09-23T08:34:36.1128984Z [36;1m: construct rustup command line[0m
2025-09-23T08:34:36.1129788Z [36;1mecho "targets=$(for t in ${targets//,/ }; do echo -n ' --target' $t; done)" >> $GITHUB_OUTPUT[0m
2025-09-23T08:34:36.1130886Z [36;1mecho "components=$(for c in ${components//,/ }; do echo -n ' --component' $c; done)" >> $GITHUB_OUTPUT[0m
2025-09-23T08:34:36.1131840Z [36;1mecho "downgrade= --allow-downgrade" >> $GITHUB_OUTPUT[0m
2025-09-23T08:34:36.1159974Z shell: /usr/bin/bash --noprofile --norc -e -o pipefail {0}
2025-09-23T08:34:36.1160624Z env:
2025-09-23T08:34:36.1160997Z   CARGO_TERM_COLOR: always
2025-09-23T08:34:36.1161462Z   targets: 
2025-09-23T08:34:36.1161844Z   components: rustfmt, clippy
2025-09-23T08:34:36.1162307Z ##[endgroup]
2025-09-23T08:34:36.1249987Z ##[group]Run : set $CARGO_HOME
2025-09-23T08:34:36.1250501Z [36;1m: set $CARGO_HOME[0m
2025-09-23T08:34:36.1251116Z [36;1mecho CARGO_HOME=${CARGO_HOME:-"$HOME/.cargo"} >> $GITHUB_ENV[0m
2025-09-23T08:34:36.1278707Z shell: /usr/bin/bash --noprofile --norc -e -o pipefail {0}
2025-09-23T08:34:36.1279334Z env:
2025-09-23T08:34:36.1279717Z   CARGO_TERM_COLOR: always
2025-09-23T08:34:36.1280157Z ##[endgroup]
2025-09-23T08:34:36.1431521Z ##[group]Run : install rustup if needed
2025-09-23T08:34:36.1432599Z [36;1m: install rustup if needed[0m
2025-09-23T08:34:36.1433964Z [36;1mif ! command -v rustup &>/dev/null; then[0m
2025-09-23T08:34:36.1436356Z [36;1m  curl --proto '=https' --tlsv1.2 --retry 10 --retry-connrefused --location --silent --show-error --fail https://sh.rustup.rs | sh -s -- --default-toolchain none -y[0m
2025-09-23T08:34:36.1438745Z [36;1m  echo "$CARGO_HOME/bin" >> $GITHUB_PATH[0m
2025-09-23T08:34:36.1440063Z [36;1mfi[0m
2025-09-23T08:34:36.1468935Z shell: /usr/bin/bash --noprofile --norc -e -o pipefail {0}
2025-09-23T08:34:36.1469568Z env:
2025-09-23T08:34:36.1469944Z   CARGO_TERM_COLOR: always
2025-09-23T08:34:36.1470403Z   CARGO_HOME: /home/runner/.cargo
2025-09-23T08:34:36.1470885Z ##[endgroup]
2025-09-23T08:34:36.1557245Z ##[group]Run rustup toolchain install nightly --component rustfmt --component clippy --profile minimal --allow-downgrade --no-self-update
2025-09-23T08:34:36.1558923Z [36;1mrustup toolchain install nightly --component rustfmt --component clippy --profile minimal --allow-downgrade --no-self-update[0m
2025-09-23T08:34:36.1586887Z shell: /usr/bin/bash --noprofile --norc -e -o pipefail {0}
2025-09-23T08:34:36.1587508Z env:
2025-09-23T08:34:36.1587884Z   CARGO_TERM_COLOR: always
2025-09-23T08:34:36.1588507Z   CARGO_HOME: /home/runner/.cargo
2025-09-23T08:34:36.1588987Z ##[endgroup]
2025-09-23T08:34:36.2273969Z info: syncing channel updates for 'nightly-x86_64-unknown-linux-gnu'
2025-09-23T08:34:36.5247887Z info: latest update on 2025-09-23, rust version 1.92.0-nightly (f6092f224 2025-09-22)
2025-09-23T08:34:36.5249641Z info: downloading component 'cargo'
2025-09-23T08:34:36.6825795Z info: downloading component 'clippy'
2025-09-23T08:34:36.7904458Z info: downloading component 'rust-std'
2025-09-23T08:34:37.1159866Z info: downloading component 'rustc'
2025-09-23T08:34:37.8014303Z info: downloading component 'rustfmt'
2025-09-23T08:34:37.8944896Z info: installing component 'cargo'
2025-09-23T08:34:38.5872966Z info: installing component 'clippy'
2025-09-23T08:34:38.9578405Z info: installing component 'rust-std'
2025-09-23T08:34:40.9659664Z info: installing component 'rustc'
2025-09-23T08:34:45.7020787Z info: installing component 'rustfmt'
2025-09-23T08:34:45.9972582Z 
2025-09-23T08:34:46.0069144Z   nightly-x86_64-unknown-linux-gnu installed - rustc 1.92.0-nightly (f6092f224 2025-09-22)
2025-09-23T08:34:46.0069823Z 
2025-09-23T08:34:46.0127202Z ##[group]Run rustup default nightly
2025-09-23T08:34:46.0127502Z [36;1mrustup default nightly[0m
2025-09-23T08:34:46.0159590Z shell: /usr/bin/bash --noprofile --norc -e -o pipefail {0}
2025-09-23T08:34:46.0159924Z env:
2025-09-23T08:34:46.0160099Z   CARGO_TERM_COLOR: always
2025-09-23T08:34:46.0160334Z   CARGO_HOME: /home/runner/.cargo
2025-09-23T08:34:46.0160608Z ##[endgroup]
2025-09-23T08:34:46.0261552Z info: using existing install for 'nightly-x86_64-unknown-linux-gnu'
2025-09-23T08:34:46.0829522Z info: default toolchain set to 'nightly-x86_64-unknown-linux-gnu'
2025-09-23T08:34:46.0830202Z 
2025-09-23T08:34:46.0921065Z   nightly-x86_64-unknown-linux-gnu unchanged - rustc 1.92.0-nightly (f6092f224 2025-09-22)
2025-09-23T08:34:46.0921841Z 
2025-09-23T08:34:46.0968148Z ##[group]Run : create cachekey
2025-09-23T08:34:46.0968462Z [36;1m: create cachekey[0m
2025-09-23T08:34:46.0968923Z [36;1mDATE=$(rustc +nightly --version --verbose | sed -ne 's/^commit-date: \(20[0-9][0-9]\)-\([01][0-9]\)-\([0-3][0-9]\)$/\1\2\3/p')[0m
2025-09-23T08:34:46.0969539Z [36;1mHASH=$(rustc +nightly --version --verbose | sed -ne 's/^commit-hash: //p')[0m
2025-09-23T08:34:46.0970004Z [36;1mecho "cachekey=$(echo $DATE$HASH | head -c12)" >> $GITHUB_OUTPUT[0m
2025-09-23T08:34:46.1002088Z shell: /usr/bin/bash --noprofile --norc -e -o pipefail {0}
2025-09-23T08:34:46.1002425Z env:
2025-09-23T08:34:46.1002609Z   CARGO_TERM_COLOR: always
2025-09-23T08:34:46.1002876Z   CARGO_HOME: /home/runner/.cargo
2025-09-23T08:34:46.1003122Z ##[endgroup]
2025-09-23T08:34:46.1393581Z ##[group]Run : disable incremental compilation
2025-09-23T08:34:46.1394541Z [36;1m: disable incremental compilation[0m
2025-09-23T08:34:46.1394875Z [36;1mif [ -z "${CARGO_INCREMENTAL+set}" ]; then[0m
2025-09-23T08:34:46.1395220Z [36;1m  echo CARGO_INCREMENTAL=0 >> $GITHUB_ENV[0m
2025-09-23T08:34:46.1395502Z [36;1mfi[0m
2025-09-23T08:34:46.1427028Z shell: /usr/bin/bash --noprofile --norc -e -o pipefail {0}
2025-09-23T08:34:46.1427360Z env:
2025-09-23T08:34:46.1427789Z   CARGO_TERM_COLOR: always
2025-09-23T08:34:46.1428026Z   CARGO_HOME: /home/runner/.cargo
2025-09-23T08:34:46.1428254Z ##[endgroup]
2025-09-23T08:34:46.1496871Z ##[group]Run : enable colors in Cargo output
2025-09-23T08:34:46.1497178Z [36;1m: enable colors in Cargo output[0m
2025-09-23T08:34:46.1497482Z [36;1mif [ -z "${CARGO_TERM_COLOR+set}" ]; then[0m
2025-09-23T08:34:46.1497812Z [36;1m  echo CARGO_TERM_COLOR=always >> $GITHUB_ENV[0m
2025-09-23T08:34:46.1498079Z [36;1mfi[0m
2025-09-23T08:34:46.1526322Z shell: /usr/bin/bash --noprofile --norc -e -o pipefail {0}
2025-09-23T08:34:46.1526658Z env:
2025-09-23T08:34:46.1526834Z   CARGO_TERM_COLOR: always
2025-09-23T08:34:46.1527063Z   CARGO_HOME: /home/runner/.cargo
2025-09-23T08:34:46.1527293Z   CARGO_INCREMENTAL: 0
2025-09-23T08:34:46.1527489Z ##[endgroup]
2025-09-23T08:34:46.1597201Z ##[group]Run : enable Cargo sparse registry
2025-09-23T08:34:46.1597520Z [36;1m: enable Cargo sparse registry[0m
2025-09-23T08:34:46.1597873Z [36;1m# implemented in 1.66, stabilized in 1.68, made default in 1.70[0m
2025-09-23T08:34:46.1598537Z [36;1mif [ -z "${CARGO_REGISTRIES_CRATES_IO_PROTOCOL+set}" -o -f "/home/runner/work/_temp"/.implicit_cargo_registries_crates_io_protocol ]; then[0m
2025-09-23T08:34:46.1599204Z [36;1m  if rustc +nightly --version --verbose | grep -q '^release: 1\.6[89]\.'; then[0m
2025-09-23T08:34:46.1599735Z [36;1m    touch "/home/runner/work/_temp"/.implicit_cargo_registries_crates_io_protocol || true[0m
2025-09-23T08:34:46.1600223Z [36;1m    echo CARGO_REGISTRIES_CRATES_IO_PROTOCOL=sparse >> $GITHUB_ENV[0m
2025-09-23T08:34:46.1600679Z [36;1m  elif rustc +nightly --version --verbose | grep -q '^release: 1\.6[67]\.'; then[0m
2025-09-23T08:34:46.1601199Z [36;1m    touch "/home/runner/work/_temp"/.implicit_cargo_registries_crates_io_protocol || true[0m
2025-09-23T08:34:46.1601671Z [36;1m    echo CARGO_REGISTRIES_CRATES_IO_PROTOCOL=git >> $GITHUB_ENV[0m
2025-09-23T08:34:46.1601992Z [36;1m  fi[0m
2025-09-23T08:34:46.1602173Z [36;1mfi[0m
2025-09-23T08:34:46.1631418Z shell: /usr/bin/bash --noprofile --norc -e -o pipefail {0}
2025-09-23T08:34:46.1631758Z env:
2025-09-23T08:34:46.1631939Z   CARGO_TERM_COLOR: always
2025-09-23T08:34:46.1632170Z   CARGO_HOME: /home/runner/.cargo
2025-09-23T08:34:46.1632402Z   CARGO_INCREMENTAL: 0
2025-09-23T08:34:46.1632598Z ##[endgroup]
2025-09-23T08:34:46.1999114Z ##[group]Run : work around spurious network errors in curl 8.0
2025-09-23T08:34:46.1999597Z [36;1m: work around spurious network errors in curl 8.0[0m
2025-09-23T08:34:46.2000328Z [36;1m# https://rust-lang.zulipchat.com/#narrow/stream/246057-t-cargo/topic/timeout.20investigation[0m
2025-09-23T08:34:46.2000962Z [36;1mif rustc +nightly --version --verbose | grep -q '^release: 1\.7[01]\.'; then[0m
2025-09-23T08:34:46.2001409Z [36;1m  echo CARGO_HTTP_MULTIPLEXING=false >> $GITHUB_ENV[0m
2025-09-23T08:34:46.2001732Z [36;1mfi[0m
2025-09-23T08:34:46.2035105Z shell: /usr/bin/bash --noprofile --norc -e -o pipefail {0}
2025-09-23T08:34:46.2035446Z env:
2025-09-23T08:34:46.2035631Z   CARGO_TERM_COLOR: always
2025-09-23T08:34:46.2035856Z   CARGO_HOME: /home/runner/.cargo
2025-09-23T08:34:46.2036089Z   CARGO_INCREMENTAL: 0
2025-09-23T08:34:46.2036286Z ##[endgroup]
2025-09-23T08:34:46.2257245Z ##[group]Run rustc +nightly --version --verbose
2025-09-23T08:34:46.2257620Z [36;1mrustc +nightly --version --verbose[0m
2025-09-23T08:34:46.2289212Z shell: /usr/bin/bash --noprofile --norc -e -o pipefail {0}
2025-09-23T08:34:46.2289555Z env:
2025-09-23T08:34:46.2289739Z   CARGO_TERM_COLOR: always
2025-09-23T08:34:46.2289963Z   CARGO_HOME: /home/runner/.cargo
2025-09-23T08:34:46.2290211Z   CARGO_INCREMENTAL: 0
2025-09-23T08:34:46.2290409Z ##[endgroup]
2025-09-23T08:34:46.2465788Z rustc 1.92.0-nightly (f6092f224 2025-09-22)
2025-09-23T08:34:46.2466728Z binary: rustc
2025-09-23T08:34:46.2467496Z commit-hash: f6092f224d2b1774b31033f12d0bee626943b02f
2025-09-23T08:34:46.2468362Z commit-date: 2025-09-22
2025-09-23T08:34:46.2468838Z host: x86_64-unknown-linux-gnu
2025-09-23T08:34:46.2469597Z release: 1.92.0-nightly
2025-09-23T08:34:46.2469905Z LLVM version: 21.1.1
